ID: -2830381259162435268, 名称: CETV1, 接口: http://player.cntv.cn/standard/live_HLSDRM20180524.swf?ChannelID=cetv1&videoTVChannel=cetv1&P2PChannelID=pd://cctv_p2p_hdcetv1&tai=cetv1&VideoName=cetv1&channelID=cetv1, 来源: 本地源, 协议类型: ipv4, 位置: 美国-伊利诺伊州-库克, 运营商: CDNetworks节点, 延迟: 20 ms, 速率: 5.37 M/s, 分辨率: None, 帧率: 未知, 视频编解码器: 未知, 音频编解码器: 未知
ID: 5098515080192637276, 名称: 台视新闻, 接口: https://live.wcetv.com/hls/master-ttvnews.m3u8, 来源: 本地源, 协议类型: ipv4, 位置: 美国-加利福尼亚州-圣克拉拉, 运营商: DigitalOcean, 延迟: 692 ms, 速率: 1.52 M/s, 分辨率: None, 帧率: 未知, 视频编解码器: 未知, 音频编解码器: 未知
ID: 8352809711654325760, 名称: 台视新闻, 接口: http://38.64.72.148:80/hls/modn/list/4013/chunklist0.m3u8?blog.ntnas.top, 来源: 本地源, 协议类型: ipv4, 位置: 美国-加利福尼亚州-洛杉矶, 运营商: Cogent, 延迟: 155 ms, 速率: 0.52 M/s, 分辨率: None, 帧率: 未知, 视频编解码器: 未知, 音频编解码器: 未知
ID: -4041049922089571898, 名称: Arirang, 接口: http://amdlive-ch01.ctnd.com.edgesuite.net/arirang_1ch/smil:arirang_1ch.smil/playlist.m3u8, 来源: 本地源, 协议类型: ipv4, 位置: 澳大利亚, 运营商: , 延迟: 371 ms, 速率: 0.85 M/s, 分辨率: 1920x1080, 帧率: 未知, 视频编解码器: 未知, 音频编解码器: 未知
ID: 5245541161248467427, 名称: 凤凰卫视, 接口: http://122.152.202.33/s/81a8a44f/index.m3u8?id=15, 来源: 本地源, 协议类型: ipv4, 位置: 中国-上海-上海, 运营商: 腾讯云, 延迟: 88 ms, 速率: 1.88 M/s, 分辨率: None, 帧率: 未知, 视频编解码器: 未知, 音频编解码器: 未知
ID: -1824810319745702712, 名称: Viutv, 接口: https://turkmedya-live.ercdn.net/tv360/tv360.m3u8, 来源: 本地源, 协议类型: ipv4, 位置: 美国, 运营商: FDC芝加哥机房, 延迟: 983 ms, 速率: 0.53 M/s, 分辨率: None, 帧率: 未知, 视频编解码器: 未知, 音频编解码器: 未知
ID: -8427269368116125668, 名称: 广东新闻, 接口: http://satellitepull.cnr.cn/live/wxgdxwgb/playlist.m3u8, 来源: 本地源, 协议类型: ipv4, 位置: 美国, 运营商: , 延迟: 3 ms, 速率: 15.65 M/s, 分辨率: None, 帧率: 未知, 视频编解码器: 未知, 音频编解码器: 未知
ID: 8984998247294161639, 名称: 嘉兴新闻综合, 接口: https://live-auth.51kandianshi.com/szgd/csztv1.m3u8, 来源: 本地源, 协议类型: ipv4, 位置: 日本, 运营商: , 延迟: 98 ms, 速率: 6.70 M/s, 分辨率: None, 帧率: 未知, 视频编解码器: 未知, 音频编解码器: 未知
ID: 8349555933550955919, 名称: 嘉兴新闻综合, 接口: https://qcfile.qcrmt.com/nmip-media/channellive/channel100933/playlist.m3u8, 来源: 本地源, 协议类型: ipv4, 位置: 中国-四川, 运营商: 广电网, 延迟: 841 ms, 速率: 0.62 M/s, 分辨率: None, 帧率: 未知, 视频编解码器: 未知, 音频编解码器: 未知
ID: -851148938441374016, 名称: 海宁新闻综合, 接口: http://p2hs.vzan.com/slowlive/317913155078575177/live.m3u8, 来源: 本地源, 协议类型: ipv4, 位置: 中国-广东-东莞, 运营商: 鹏博士BGP, 延迟: 289 ms, 速率: 1.34 M/s, 分辨率: None, 帧率: 未知, 视频编解码器: 未知, 音频编解码器: 未知
ID: 1351830624668539427, 名称: 海宁新闻综合, 接口: https://p2hs.vzan.com/slowlive/317913155078575177/live.m3u8?zbid=293304&tpid=1708007815, 来源: 本地源, 协议类型: ipv4, 位置: 中国-广东-东莞, 运营商: 鹏博士BGP, 延迟: 89 ms, 速率: 3.41 M/s, 分辨率: None, 帧率: 未知, 视频编解码器: 未知, 音频编解码器: 未知
ID: -17779240155087585, 名称: 湖南电视剧, 接口: http://175.155.106.72:89/live1/live1.m3u8?zsicd, 来源: 本地源, 协议类型: ipv4, 位置: 中国-四川-德阳, 运营商: 联通, 延迟: 489 ms, 速率: 0.69 M/s, 分辨率: None, 帧率: 未知, 视频编解码器: 未知, 音频编解码器: 未知
ID: -7552667025837247760, 名称: 南宁影视娱乐, 接口: http://play.jinnantv.top/live/JNTV1.m3u8?ztianjd, 来源: 本地源, 协议类型: ipv4, 位置: 美国, 运营商: , 延迟: 349 ms, 速率: 0.60 M/s, 分辨率: None, 帧率: 未知, 视频编解码器: 未知, 音频编解码器: 未知
ID: -2797634141232823502, 名称: 乐山新闻综合, 接口: http://pwpull.leshan.cn:80/live/21609091019110008654ed1a00000000/playlist.m3u8, 来源: 本地源, 协议类型: ipv4, 位置: 美国, 运营商: , 延迟: 4 ms, 速率: 47.61 M/s, 分辨率: None, 帧率: 未知, 视频编解码器: 未知, 音频编解码器: 未知
ID: -7880862087744997500, 名称: 夹江新闻综合, 接口: https://m3u8.channel.dzsm.com/nmip-media/channellive/channel101257/playlist.m3u8, 来源: 本地源, 协议类型: ipv4, 位置: 中国-四川-广元, 运营商: 电信, 延迟: 1148 ms, 速率: 0.52 M/s, 分辨率: None, 帧率: 未知, 视频编解码器: 未知, 音频编解码器: 未知
ID: -4756973005978440782, 名称: 宝兴综合, 接口: https://m3u8channel-bx.yunxya.com/nmip-media/channellive/channel104666/playlist.m3u8, 来源: 本地源, 协议类型: ipv4, 位置: 中国-广东-东莞, 运营商: 电信, 延迟: 770 ms, 速率: 0.53 M/s, 分辨率: None, 帧率: 未知, 视频编解码器: 未知, 音频编解码器: 未知
ID: 2784817546413099168, 名称: 金川乡村, 接口: https://m3u8channel-yc.yunxya.com/nmip-media/channellive/channel100103/playlist.m3u8, 来源: 本地源, 协议类型: ipv4, 位置: 中国-广东-东莞, 运营商: 电信, 延迟: 520 ms, 速率: 0.63 M/s, 分辨率: None, 帧率: 未知, 视频编解码器: 未知, 音频编解码器: 未知
ID: 5915361396525404848, 名称: 笑傲江湖, 接口: https://alimov2.a.kwimgs.com/upic/2023/03/07/20/BMjAyMzAzMDcyMDMyNDdfNjE2NzgxMTQwXzk3NzEzNDY4NjgxXzBfMw==_b_B75baa98fedb7da382eb4a29e5f7df2bf.mp4, 来源: 本地源, 协议类型: ipv4, 位置: 日本, 运营商: , 延迟: 6 ms, 速率: 177.86 M/s, 分辨率: None, 帧率: 未知, 视频编解码器: 未知, 音频编解码器: 未知
ID: -8052620513674848414, 名称: 天龙八部, 接口: https://txmov2.a.kwimgs.com/upic/2021/02/26/11/BMjAyMTAyMjYxMTAwNTBfNDAzMDAxOTlfNDUwNDcyNzM5MTRfMF8z_b_B75ed716649c36f65fc2354f75dba47a5.mp4, 来源: 本地源, 协议类型: ipv4, 位置: 美国-加利福尼亚州-圣克拉拉, 运营商: 腾讯云, 延迟: 175 ms, 速率: 114.84 M/s, 分辨率: None, 帧率: 未知, 视频编解码器: 未知, 音频编解码器: 未知
ID: 9045890279538143752, 名称: BBC, 接口: https://vs-hls-push-ww-live.akamaized.net/x=4/i=urn:bbc:pips:service:bbc_news_channel_hd/t=3840/v=pv14/b=5070016/main.m3u8, 来源: 本地源, 协议类型: ipv4, 位置: 美国, 运营商: Akamai节点, 延迟: 23 ms, 速率: 50.43 M/s, 分辨率: None, 帧率: 未知, 视频编解码器: 未知, 音频编解码器: 未知
ID: 8452033558327064480, 名称: GB News, 接口: https://cdn-apse1-prod.tsv2.amagi.tv/linear/amg01076-lightningintern-gbnewsnz-samsungnz/playlist.m3u8, 来源: 本地源, 协议类型: ipv4, 位置: 美国, 运营商: Amazon数据中心, 延迟: 867 ms, 速率: 1.12 M/s, 分辨率: 1920x1080, 帧率: 25.0, 视频编解码器: 未知, 音频编解码器: 未知
ID: -2105253505435661102, 名称: GS Shop, 接口: https://gstv-gsshop.gsshop.com/gsshop_hd/gsshop_hd.stream/playlist.m3u8, 来源: 本地源, 协议类型: ipv4, 位置: 韩国, 运营商: , 延迟: 604 ms, 速率: 0.22 M/s, 分辨率: 1280x720, 帧率: 29.97, 视频编解码器: 未知, 音频编解码器: 未知
ID: -6222731691625110217, 名称: TBS Seoul, 接口: https://cdntv.tbs.seoul.kr/tbs/tbs_tv_web.smil/playlist.m3u8, 来源: 本地源, 协议类型: ipv4, 位置: 韩国, 运营商: 首尔LG数据中心, 延迟: 546 ms, 速率: 0.76 M/s, 分辨率: 1920x1080, 帧率: 未知, 视频编解码器: 未知, 音频编解码器: 未知
